<html>
<body>
<pre>
<h1>礦ision Build Log</h1>
<h2>Tool Versions:</h2>
IDE-Version: μVision V5.27.1.0
Copyright (C) 2019 ARM Ltd and ARM Germany GmbH. All rights reserved.
License Information: 1 Microsoft, Microsoft, LIC=Z3C63-AKAM0-35ETX-HL15E-PE1BW-IPH2E
 
Tool Versions:
Toolchain:       MDK-ARM Professional  Version: 5.27.1.0
Toolchain Path:  d:\Keil_v5\ARM\ARMCC\Bin
C Compiler:      Armcc.exe V5.06 update 6 (build 750)
Assembler:       Armasm.exe V5.06 update 6 (build 750)
Linker/Locator:  ArmLink.exe V5.06 update 6 (build 750)
Library Manager: ArmAr.exe V5.06 update 6 (build 750)
Hex Converter:   FromElf.exe V5.06 update 6 (build 750)
CPU DLL:         SARMCM3.DLL V5.27.1.0
Dialog DLL:      DCM.DLL V1.17.2.0
Target DLL:      UL2CM3.DLL V1.162.15.0
Dialog DLL:      TCM.DLL V1.36.1.0
 
<h2>Project:</h2>
E:\Work\8.SwingDoor\2.Src\SwingDoorIap\MDK_PRO\SwingDoorIap.uvprojx
Project File Date:  02/26/2020

<h2>Output:</h2>
*** Using Compiler 'V5.06 update 6 (build 750)', folder: 'd:\Keil_v5\ARM\ARMCC\Bin'
Build target 'SwingDoorIap'
compiling stm32f4xx_it.c...
compiling system_stm32f4xx.c...
compiling iap.c...
compiling main.c...
compiling tool.c...
compiling delay.c...
compiling ini.c...
compiling sys.c...
compiling bsp_key.c...
compiling stmflash.c...
compiling ymodem.c...
..\3MiddleLayer\ymodem\ymodem.c(201): warning:  #111-D: statement is unreachable
                  g500usTimerUpDate = 1  * 60 * 2000; //更新超时时间
..\3MiddleLayer\ymodem\ymodem.c: 1 warning, 0 errors
compiling bsp.c...
compiling bsp_led.c...
compiling bsp_time.c...
compiling bsp_usart1.c...
compiling bsp_usart2.c...
compiling misc.c...
compiling stm32f4xx_rcc.c...
compiling stm32f4xx_gpio.c...
compiling stm32f4xx_i2c.c...
compiling stm32f4xx_syscfg.c...
compiling stm32f4xx_wwdg.c...
compiling stm32f4xx_spi.c...
compiling stm32f4xx_usart.c...
assembling startup_stm32f40_41xxx.s...
compiling croutine.c...
compiling event_groups.c...
compiling list.c...
compiling queue.c...
compiling stm32f4xx_flash.c...
compiling stm32f4xx_dma.c...
compiling stm32f4xx_tim.c...
compiling stream_buffer.c...
compiling timers.c...
compiling tasks.c...
compiling heap_4.c...
compiling port.c...
compiling easyflash.c...
compiling ef_utils.c...
compiling sfud_sfdp.c...
compiling sfud_port.c...
compiling sfud.c...
compiling ef_iap.c...
compiling ef_env.c...
compiling ef_port.c...
linking...
Program Size: Code=26732 RO-data=3516 RW-data=308 ZI-data=24652  
FromELF: creating hex file...
After Build - User command #1: fromelf --bin -o "..\6Bin\SwingDoor_IAP.bin" "..\6Bin\SwingDoor_IAP.axf"
"..\6Bin\SwingDoor_IAP.axf" - 0 Error(s), 1 Warning(s).

<h2>Software Packages used:</h2>

Package Vendor: Keil
                http://www.keil.com/pack/Keil.STM32F4xx_DFP.2.14.0.pack
                Keil.STM32F4xx_DFP.2.14.0
                STMicroelectronics STM32F4 Series Device Support, Drivers and Examples

<h2>Collection of Component include folders:</h2>
  .\RTE\_SwingDoorIap
  d:\Keil_v5\Packs\Keil\STM32F4xx_DFP\2.14.0\Drivers\CMSIS\Device\ST\STM32F4xx\Include

<h2>Collection of Component Files used:</h2>
Build Time Elapsed:  00:00:08
</pre>
</body>
</html>
